242 647 829 951 997 1107 1268 1293 1301 1436 1448 1512 1870 2014 2107 2407 2484 2682 2714 2812 2925 3058 3358 3919 4021 4080 4949 6084 6290 6523 6591 6974 7384 7759 7912 8073 8287 8586 8639 8940 8989 9247 10435 10852 11099 11528 12212 12228 12588 12810 13554 13882 14257 14411 14601 14948 15294 15556 16815 16862 16889 16963 17301 17398 18387 18789 19303 19647 19718 20912 20953 21135 21494 21516 21595 21609 21889 22091 22353 22488 22648 22843 23246 23258 23515 23840 24530 24929 25029 25528 25577 25835 26046 26190 26223 26864 27407 27430 28100 29069 29859 30928 31007 31430 31911 32036 32069 32232 32415 