345 732 1017 1087 1500 1610 1709 2062 2065 2255 3385 3667 3775 3986 4045 4231 4319 5396 5515 5640 6101 6194 6442 6922 6997 7118 7158 7391 7736 8372 8499 8594 8703 8789 8928 9072 9076 9187 10012 10118 10462 10562 10638 10841 10913 11197 11313 12582 12817 13672 13706 14014 14031 14157 14520 15111 15158 15360 16292 16451 16634 16837 17178 17225 18115 18272 18364 18405 19044 19143 19332 19486 19749 19799 19866 19967 20868 20961 21375 21690 21830 22114 23393 23790 23846 24599 24735 25432 26685 26700 26718 26946 27688 27838 28236 28643 28926 29581 29956 30232 30345 30490 30620 31086 31157 31416 31477 31637 31639 31902 32046 32425 32451 