4443 6708 7651 8050 10056 16522 23059 23623 30117 30251 32216 