244 349 1827 1902 2498 2730 2733 3058 3401 3689 4294 4388 4932 4993 5729 5816 6557 6724 6946 7756 7819 7891 8236 8846 8921 9381 9579 9789 10224 10670 11470 11684 11797 11880 12252 12460 12673 12773 12820 12879 12969 13122 13189 13464 13785 14413 14615 14899 14912 15349 15536 15652 15737 15756 16476 16828 17221 17724 17742 17993 18195 18400 18482 18530 19243 19293 19294 19785 19906 20032 20563 20571 21032 21256 21327 21509 21846 22173 22206 22401 22536 22792 23337 23362 23714 23776 24025 24299 24367 24491 24547 25173 25242 25522 25610 25983 25995 26335 26971 27965 27971 28141 29282 29397 29833 29891 29955 30066 30186 30312 30395 30828 30838 30899 30963 31098 31322 31494 31771 32095 32366 32426 32448 32564 32735 