379 1199 1773 1926 2319 2453 3458 3578 3585 3674 3748 3824 4059 4071 4237 4351 4520 4674 4749 4813 5874 5882 6044 6443 6444 6519 6783 6826 7255 7688 7950 8416 8552 8572 9120 9209 9469 9492 9672 10325 10512 10567 10757 11087 11303 11494 11649 11724 12239 12347 12367 12400 12544 12826 13634 13691 13803 13889 14248 14554 14569 14724 15524 15827 16424 16852 17008 17332 17382 17548 17562 17594 17676 18005 18110 19186 19557 19674 19833 19901 20128 20439 20668 21287 22117 22312 22527 22719 22964 23047 23309 23367 23936 24039 24164 24196 24351 24895 24927 25252 25261 25620 25644 26515 26577 26853 27419 27815 28176 28895 28918 29063 29152 29246 29507 29550 29598 29618 29738 29973 30171 30539 31215 31756 31853 31893 32454 32505 