177 431 534 707 725 795 1182 1184 1210 1278 1641 1665 1817 1881 1971 2200 2670 3859 4057 4274 4363 4480 4906 4912 5232 5298 5670 5752 5864 6917 7014 7046 7743 7872 8142 8212 8950 9123 9601 10034 10227 10613 10737 10905 11347 11389 11877 12113 12306 12349 12382 12544 12741 12865 13301 13502 13913 14060 14201 14437 14674 15095 15161 15220 15584 15715 15743 15909 15926 16032 16764 17159 17222 18036 18431 18646 18689 19286 19319 19410 19449 19520 19581 19629 19929 20244 20962 21419 21548 21891 22164 22186 22652 22671 22879 23110 23136 23786 24052 24597 24625 24856 24942 24992 25075 25639 25695 25785 25904 26010 26158 26884 27517 27555 27726 27827 27967 28140 28365 28453 28958 29472 29641 30669 30684 30807 30860 31035 31357 31653 31779 31787 31840 31918 32300 32464 