195 287 425 915 1032 1747 1771 1836 1939 2298 2565 3213 3294 3664 3769 3937 4135 4204 4330 5187 5765 6113 6158 6677 6899 6936 7190 7615 7926 8143 8296 9127 9172 9434 9533 9733 9899 10073 10118 10127 10206 10209 10405 10453 10493 10513 10698 10733 11611 11699 11897 11939 12071 12596 13072 13073 13204 13439 13474 13569 13678 14045 14430 14442 14449 14763 14915 14967 15226 15426 16102 16933 17140 17141 17156 17183 17511 17511 17652 17949 18137 18365 18467 18805 19504 19601 20018 20335 20893 21010 21240 21399 21777 21978 22008 22126 22449 22534 22838 22905 23670 23812 23879 24316 24324 24531 24557 24592 24734 25013 25042 25087 25305 25314 25902 26089 26163 26665 26756 26762 27103 27288 27309 27386 28595 28596 29314 29538 29866 29880 30159 30440 30821 31085 31457 31539 32474 32730 