48 479 662 1359 1727 1809 3024 3448 3583 3638 3730 3803 4009 4129 4717 5144 5146 5564 5673 5859 5895 5914 6382 6390 6784 7231 7242 7326 7556 7690 8171 8499 8591 8668 8791 9014 9379 9394 9405 9777 10033 10138 10202 10286 10401 10688 10733 11136 11353 11384 11698 11791 12271 12435 12744 12882 13212 13383 13632 14295 14313 15081 15503 15649 15788 16273 16312 16468 16469 16680 16856 16972 17130 17461 17494 18020 18619 18690 18944 19213 19720 20609 20610 20650 22575 23117 23927 24114 24140 24180 24393 24412 24427 24697 24831 25002 25324 25331 25476 25767 25802 25872 25934 26471 26889 26900 26936 27051 27133 27135 27225 27392 27551 27670 27776 27914 28049 28087 28142 28251 28323 28399 28748 28926 29063 29556 29770 29810 30326 30435 30829 30937 31019 31324 31458 32297 32371 32405 32477 32494 