161 198 318 404 1178 1400 1760 1786 1889 2031 2407 2549 2642 2674 2699 2851 3356 3380 3651 3753 3947 4301 4318 4358 4683 4765 5013 5303 5697 5837 5950 5996 6199 6211 6214 7271 7444 7539 7574 8425 8619 8962 9077 9127 9261 9298 9821 10333 10431 10471 10803 10933 10981 11079 11216 11643 12716 12734 12917 13473 13763 13798 14587 14858 14928 15022 15199 15282 15288 15355 15436 15483 16131 16143 16243 16312 16593 17352 17469 17622 18103 18282 18330 18976 19223 19230 19235 19244 19850 20816 20877 20962 21058 22029 22914 22914 23014 23193 23583 23651 23804 24068 24347 24857 24898 25034 25096 25261 25338 25872 26411 26512 26639 26884 26973 27012 27287 28071 28179 28227 28265 28734 28759 29326 29398 29478 29779 29861 30132 30515 30576 30707 30782 31222 31242 31637 31776 31779 32109 32480 32728 