124 250 570 729 1020 1127 1212 1241 1566 1574 1791 1939 2126 2533 2632 3036 3262 3785 4270 4378 4416 4622 4804 5028 5512 5578 5830 5947 6618 6993 7478 7516 7637 7639 7811 7857 8231 9116 9367 9851 9865 10464 10640 10872 10988 10991 11354 11495 11653 11712 11765 12350 12641 12678 13155 13290 13362 13865 13971 14024 14059 14351 14653 14697 14799 15189 15749 16018 16143 16269 16983 17013 17089 17167 17396 18291 18437 18613 18636 18867 18884 18989 19234 19242 19425 19430 19547 19934 20304 20639 20794 21316 21520 21565 21756 21831 21838 22020 22223 22337 22926 24078 24650 24879 24948 25050 25060 25257 25348 25436 25706 26123 26551 26632 26816 27486 27798 27942 27946 28148 28222 28873 29172 29362 29367 29406 29484 29562 29567 29636 29923 30285 30288 30448 30630 31135 31167 31187 31391 31624 32314 32484 32593 