96 116 397 973 1011 1014 1250 1624 2562 2787 3408 3627 4239 4501 4628 4673 4946 5013 5149 5322 5665 5797 5817 5928 6313 6506 6520 6697 6750 6855 6891 6967 7175 7253 7595 8176 8255 8463 8577 8579 8634 8838 9123 9238 9909 10257 10352 10595 10613 10732 10954 11347 11393 11400 11432 12034 12039 12313 12645 12699 13174 13176 13410 13556 13824 14186 14337 14637 15064 15708 15754 15999 16475 16542 16902 17549 17722 17825 17980 18011 18063 18501 18510 18880 19061 19184 19279 19504 19629 19631 19947 20099 20119 20343 20496 21221 21438 21513 21520 21650 21705 21765 21789 22171 22964 23119 23408 23417 23624 23904 24015 24323 24344 24996 25267 25662 25735 25845 25961 26053 26060 26097 26381 27069 27571 28012 28252 28592 28825 28952 29042 29132 29242 29432 29979 30373 30405 30595 30927 31226 31279 32249 32487 32544 32721 