41 997 1418 1434 1495 1632 1746 2403 3089 3664 3913 4060 4142 4555 4685 4857 5906 6517 6598 6991 7103 7432 7471 7834 7874 9279 9354 9409 9997 10464 10556 10627 10787 10873 11051 11292 11517 11562 11740 11997 12165 12258 12400 12530 12627 12633 12800 12998 13015 13081 13140 13410 13434 13833 14223 14307 14346 14820 14877 14914 15100 15169 15851 16050 16069 16352 16507 16689 16758 17043 17070 17167 17395 17450 17500 17521 17769 17777 17929 18688 18751 18971 19146 19202 19264 19599 19610 19766 19985 20112 20468 20468 20673 20678 20920 21590 21781 22253 22327 22535 23367 23655 23781 23821 23874 24578 24958 25209 25422 25426 25530 25709 25767 25878 25931 25987 26159 26964 27191 27440 27594 27661 27880 28030 28099 28259 28574 28720 28898 28964 29106 29411 29463 29749 30333 30677 30697 30803 30988 31254 31437 31484 31548 31718 31814 31852 31888 31909 32493 