3294 4857 4966 6650 9280 10610 10866 13650 14881 14954 15241 15627 15997 16601 17364 17855 19997 22292 24778 24913 27853 29255 30017 32245 