2190 2324 4665 5093 6406 6694 6754 7939 9483 11707 13207 13510 16273 18626 19194 20488 21313 22144 23615 25625 25702 30196 31108 31393 31784 32249 