1937 3683 5011 5559 6738 7871 7997 9519 12608 12639 13821 13975 15136 16793 17134 21025 21996 22957 25834 26821 26857 27688 30278 30630 31547 31935 32252 