2084 2972 3903 4876 6336 6782 8054 9838 11391 12631 14376 14431 16281 17593 19884 21035 21061 21848 22856 22886 22953 23246 29302 30136 30521 31396 31648 32179 32255 