500 3250 5133 5705 6826 11786 11792 11891 12015 12965 13231 13934 14299 15392 15743 17751 19507 19851 20897 21700 24686 24987 25179 25918 26031 27967 28729 30852 31925 32258 