10 59 2472 3381 3594 4790 4991 6564 7178 7495 7875 8507 9614 10771 11062 11063 12863 15598 16162 16412 17025 17481 18415 19085 19091 19403 19580 20517 21409 22890 23362 23633 23865 26948 27373 29059 31585 31751 31870 31987 32284 32474 