907 2124 2296 2354 4815 5138 5636 6232 7082 7224 7323 7619 9252 9646 11051 11214 11948 12002 12274 12796 12897 13135 13256 13520 13669 13941 14616 16331 16549 16830 17221 17688 19038 19133 19793 22043 22254 22322 22972 23347 23830 24106 24181 24791 24871 26040 26160 26334 26622 28528 28998 29102 29184 29229 29648 30132 32047 32317 32502 