1271 1373 1568 1617 1699 2463 3532 5218 5365 5574 6147 6766 6998 7707 8926 9619 10008 10183 10379 10465 10518 10772 11306 11973 12456 12696 12811 13201 13523 14270 15043 15956 16212 16216 16345 16685 17546 17647 17713 17943 18742 21111 21376 22522 22753 23533 23564 23696 24053 24372 24742 25269 26006 26722 28533 29105 31760 31895 32244 32324 32685 