101 293 304 2046 2372 2409 2413 3434 4119 4349 4862 4873 5046 5569 6748 6817 7779 7795 8082 8433 8465 8497 9270 9291 9570 10339 12625 13038 13071 14106 14129 14391 14732 14983 15042 15389 16951 17103 17871 18199 18291 18446 18681 18744 18905 19722 19836 20864 21476 21822 21845 23635 24915 25713 27293 27757 28678 28974 29957 30180 30813 32194 32268 32330 