280 467 483 546 841 2252 2303 5294 6048 6335 6535 6749 7479 7971 8341 8753 8959 9726 10024 10638 12964 13513 14351 14570 15043 15254 15985 16120 16332 17208 17546 17731 17855 17942 18520 18709 19591 19642 20468 20755 20767 20933 20939 21261 21303 21352 21771 23074 23483 23554 24289 24344 25102 25267 25574 25645 27508 28778 29617 30021 30343 30431 31021 31131 31634 31739 31819 32122 32343 32461 