364 992 2210 2623 2708 2789 4711 4907 5224 5879 5906 6174 6201 6668 7142 7246 7700 7790 7849 7880 8103 8551 8653 8777 8882 9203 9939 10379 10733 10838 11577 11943 12044 12104 12241 12570 12589 13293 13921 14017 14579 15058 15584 15755 16744 17090 17126 17220 17411 18706 19049 19691 20161 20579 20881 21121 21194 21758 22100 22928 24927 25382 26686 26894 27428 27846 29471 29649 29674 29740 29813 30026 31194 31792 31848 32353 