404 981 1920 1965 2120 2705 2729 2948 2963 3271 3341 4634 5534 5858 6223 6715 6736 7171 7298 8192 9154 10350 11184 11396 11799 11841 13400 13925 14143 14286 14426 14508 14635 14853 14967 15009 15479 15644 15903 16542 16699 16857 16991 17115 17310 17376 17418 17684 17971 19395 19419 19609 20160 20265 20916 21641 21800 22651 23175 25197 25340 26092 26149 26220 27643 27777 27835 28879 29115 29196 29563 30099 30700 30774 31539 31946 32048 32360 32736 