47 59 671 1051 1062 2271 2292 2578 3372 3473 3597 3775 3812 3922 4331 4717 5046 5438 6051 6364 6579 6994 7456 7935 8158 8368 8723 9493 9912 10082 10622 11807 11995 12109 12432 12970 14512 14542 14709 14738 15760 15955 16524 16534 16996 17204 17676 17941 18215 18548 18796 19155 19180 19234 19849 19899 20020 21075 21131 22062 22434 23226 23744 24078 24600 25238 25350 25541 25756 26375 27252 27321 27774 27816 28026 28572 28767 28905 29207 29560 29585 30695 31234 31351 31773 32306 32373 