666 728 887 938 1112 1405 1724 2242 2875 3984 4011 4204 4246 4458 4618 5467 5508 5631 5755 6037 6057 6654 6765 6883 7151 7374 7896 8544 9474 9552 10824 11104 11260 11688 11750 12141 12282 13609 14195 14290 14366 14602 14916 15217 15305 15632 15932 16065 16164 16180 16787 17263 17572 18043 18132 18334 18383 19232 19484 20409 20894 20974 21147 21495 21648 21650 22830 23071 23316 23620 24689 24814 25344 25404 25691 25947 26205 26318 26713 27039 27287 27559 28093 28106 28116 28436 29228 29660 29906 30548 30856 30955 32325 32386 