651 1091 1483 1934 2197 2340 2947 3223 3265 3273 3544 3805 3964 4277 4755 5044 5248 5254 5680 5682 6350 6363 6685 6854 6861 6921 7254 7283 7728 7734 8008 8676 9340 10378 10628 11250 11422 11473 11592 11954 12645 13058 13164 14037 14404 14971 15394 15488 16183 16788 16853 17295 17394 17461 17860 18150 18205 18772 19768 20272 20750 20901 21117 21385 22009 22549 22597 22818 23407 23445 23720 23893 24055 24265 25888 26070 26131 26178 26486 26613 27110 27644 27833 28320 28606 29445 29541 29718 29771 29778 29956 30290 30836 31092 31409 31709 31836 32396 32622 