712 1581 1789 1804 1848 2151 2152 2231 3122 3642 3800 3896 4051 4749 5082 5220 5278 5904 6655 6831 7133 7161 7218 7665 8328 8414 8765 8782 8808 10605 10784 11511 11792 11843 11950 11958 12454 12570 12628 12941 13185 13189 13906 13948 14048 14400 14469 14951 14980 15005 15045 15449 16460 16622 17338 17790 17796 18441 18593 19334 19537 19675 20399 20529 20817 20995 21313 21663 21745 21826 22214 22511 24698 24732 25137 25405 25440 25458 25482 26297 26768 27022 27337 27552 27636 29038 29195 29472 29547 29902 30393 30827 30978 31269 31950 31997 32216 32378 32405 32464 32562 32636 32665 32716 