392 490 960 1654 1664 1705 1854 2301 2378 3242 5187 5313 5331 5363 5364 5541 5794 6882 6949 7081 7292 7687 7863 8147 8549 8852 8940 9009 10596 10737 11001 11021 11359 11478 11725 11883 11895 12036 12408 12487 12492 12582 13059 13889 14185 14392 14643 14897 14951 15447 16218 16339 17398 17516 17814 17837 18123 18126 18426 18443 18576 18612 18960 19319 20482 20604 20767 21047 21069 21261 21766 22087 22188 22266 22412 22487 22889 23345 23470 24259 25262 25373 25488 26324 26501 27771 27844 27902 28086 28144 28342 28470 28582 28788 29608 29608 31610 31913 32029 32217 32409 32413 32422 32589 32737 