1170 1608 1660 1959 1971 1979 2037 2275 2604 2839 3218 3282 4054 4329 4498 4589 4631 4831 5157 5292 6038 6116 6250 6302 6579 7222 7366 8414 8630 9293 9419 9460 9582 9596 9995 10405 10503 10762 10900 11286 11492 11798 11990 12193 12492 12502 12626 12662 13418 13873 13926 14011 14100 14174 14322 14534 14655 14990 15508 15515 15904 16622 16669 17068 17315 17397 17596 18152 18392 18453 18570 18591 18819 19254 19921 20978 21060 21475 21745 21864 21876 22254 22537 22614 22753 22898 23390 23832 24236 24700 24767 24836 24855 25417 25435 25661 25992 26201 26398 26763 26812 26979 27121 27186 27681 27830 28715 28903 29031 29405 29900 29901 30039 30192 30690 31037 31171 31734 31837 31903 32024 32199 32441 