78 399 463 1192 1789 1971 2151 2464 2657 3206 3271 3471 3479 4073 4912 4935 5483 5524 5613 5750 5948 6280 6726 7029 7168 7181 7294 8106 8353 8393 8542 9010 9210 9337 9692 10416 10538 10639 11158 11320 11343 11623 12467 12971 12980 13075 13230 13270 13321 13702 13958 13981 14294 14461 14895 14944 15020 15194 15247 15902 16458 16561 16855 16865 17124 17739 17794 18507 18524 19203 19435 19453 19694 20271 20316 20347 20813 21235 21564 22064 22071 22203 22596 22984 23022 23041 23046 23306 23320 23468 23530 23739 23753 23904 24510 24605 24891 25032 25301 25474 25508 25888 26340 26401 27387 28257 28290 28367 28655 28910 29313 29649 29912 29984 30733 30783 30981 31375 32243 32376 32428 32445 32619 32665 