369 639 680 888 1520 1925 1939 1990 2008 2272 2374 3156 3441 3534 4479 5001 5005 5009 5288 5615 5648 5997 6080 6090 6190 6338 6349 6448 6791 6982 7097 7354 7598 7713 7817 7895 7956 8415 8475 8995 9513 9543 9676 9846 9894 9936 10216 10240 10264 10902 11065 11256 11432 11435 11446 12243 12676 12678 12834 13077 13630 13797 14708 15242 15255 15266 15836 15886 15915 15939 15996 16488 16587 16759 16781 17058 17201 17401 17787 18111 18156 18166 18233 18542 19117 19244 19277 19323 20060 20110 20273 20791 21269 21288 21751 22250 22530 22701 23233 23385 23759 24106 24736 25098 25246 25472 25641 25969 26168 26490 26659 27197 27570 27676 27984 28130 28339 28574 28643 28678 29230 29409 29474 30109 30460 30584 30605 30885 32186 32458 32488 32712 