542 721 1466 1569 1692 1884 2005 2076 2227 2240 2267 2458 2697 2942 3706 3707 3811 4123 4372 4428 4534 4586 4989 5367 5964 6616 7025 7255 7351 7773 8066 8083 8132 8146 8485 8719 8870 8873 9052 9085 9129 9441 9469 9500 9728 9953 10617 10875 10962 11199 11812 11939 12377 12852 12963 12995 13215 13270 13336 13530 13551 13807 13928 14328 14497 14550 14633 14833 15168 15455 15465 15502 16122 16218 16322 17193 17202 17281 17288 17365 17467 17975 17981 18190 18407 18462 18503 18919 19463 19638 20159 20475 20500 20696 20977 21359 21746 22356 22528 22610 23596 23606 23612 23651 23720 23807 24227 24318 24439 24504 24633 24652 24705 25012 25101 25347 25398 25501 25629 25700 26130 26522 27194 27726 28083 28155 28379 28390 28701 29032 29174 29246 29462 29814 29817 30003 30116 30642 30683 30732 30754 30876 32490 32526 32656 32761 