22 215 226 242 294 576 632 754 1453 1631 1845 2340 2380 2417 2875 3007 3027 3206 3651 3859 3925 4186 4760 4803 4880 4881 4916 5021 5127 5567 5635 5703 6034 6677 6740 6997 7630 7747 8015 8076 8278 8322 8565 8748 8988 9066 9149 9346 9422 9765 10042 10524 10686 10903 11336 11559 11700 11715 12039 12131 12654 13044 13454 13576 13727 13973 14331 14842 15028 15117 15145 15410 15802 15988 16018 16458 16579 16727 16811 17839 18353 18648 18655 18678 18886 19282 19369 19464 19577 19871 19942 20101 20264 20281 20415 20452 20893 21035 21160 21204 21253 21287 21402 21555 22421 22987 23381 23405 24244 24523 24570 24746 25157 25368 25448 25627 25761 26122 26215 26510 27174 27214 27257 27904 27934 28011 28528 28680 28819 29353 29532 29632 29687 30013 30117 30175 30343 30349 30441 30585 30619 30672 30960 31141 31883 31966 32291 32437 32497 32568 