1948 2584 3758 5973 6430 8005 15827 16865 20499 22415 23032 25502 26748 28980 29223 30627 32229 