146 181 2133 4205 5354 5954 6606 7116 7575 9428 10916 13793 14463 15533 22440 24003 25240 25816 26210 29872 31138 32242 