327 2548 3160 6870 7468 7984 8878 10815 10981 11014 13299 14559 18856 18906 19262 19882 20148 21553 21675 22196 22958 23378 26517 27496 27834 27897 28914 28998 29167 30846 31903 31955 32262 