1072 7046 9293 9621 10655 10858 11853 12384 12405 13385 14196 14671 14926 15086 16935 16952 17116 17211 17288 17437 18362 19305 20025 20710 20961 22984 23472 23884 26864 28058 29840 30162 31111 31306 31495 31897 32275 32413 