1031 1365 1650 1686 2031 2545 2903 6596 7004 7090 7387 7786 8507 8566 10388 11002 11089 12914 14361 15273 15497 15780 16157 20708 20813 21211 21268 21713 21868 21910 24134 25539 25985 26315 28767 29619 29686 30135 30757 31402 32278 