4 536 1154 2114 3340 4733 4763 5052 7134 7166 7478 9681 10058 10639 11434 11583 11933 12624 14969 15097 15109 15762 17148 17380 19024 19126 19706 19895 20665 22077 24215 26898 28225 28986 29874 29978 31474 31820 32124 32281 32570 32669 