26 666 821 1069 2120 2313 3517 3718 4777 6289 6462 7399 7728 10499 11642 11801 12400 13110 13402 14224 14874 15659 15718 16268 16659 19028 19778 22700 22713 23174 23215 23437 24332 24592 24748 25528 26232 26338 26582 26638 26653 27132 27304 28328 28776 30190 31119 31452 32059 32301 