350 921 980 1173 2900 3257 3735 4214 7487 10300 10723 10908 12484 13620 14078 14853 15447 15843 16308 16738 17484 18352 18806 19258 19379 19482 20226 20623 20784 20826 21611 22565 22938 22988 23910 24147 24380 24887 25144 25866 26656 26669 27266 28136 28468 29662 30427 30715 30792 31287 31415 31736 31787 32113 32307 