67 288 675 1117 1177 1929 2024 2652 2759 3119 4223 5657 5949 6908 7575 10971 11059 11088 11294 11384 12008 12288 13047 13584 14929 15207 15421 15717 16026 17146 18091 18495 19005 19186 19817 21567 22524 23041 23095 24605 24889 25010 26206 26228 27323 28194 28558 28565 29036 30746 30837 31009 31155 32106 32314 32384 