514 666 971 1175 1324 1687 1811 2909 2959 3220 4609 5364 5464 5673 5905 6014 6090 7751 7849 9008 9145 9283 9435 9696 9919 10130 10153 10982 11051 12989 14290 15071 15569 15899 16393 16623 18378 18594 18911 20056 20128 20498 21520 21654 21693 21953 23283 23755 24673 24982 25532 25671 26209 27993 28101 28126 28403 29732 30049 30364 32031 32327 32381 