375 645 1974 2197 2454 3401 3429 3453 4006 4012 4884 4918 5128 5189 5675 5822 6371 6559 6958 7047 7489 7531 7749 7927 8227 8704 10084 12079 12655 12871 13079 13770 15923 16760 17202 17378 17401 17467 17858 18003 18376 19205 19648 19971 20056 20212 21414 23416 24279 24361 24852 25284 26444 26566 27006 27161 27221 28019 28469 28861 28988 29022 29024 29173 29420 29849 31746 31878 31905 32340 