212 834 1924 2167 2845 3294 3508 3529 3563 4483 4787 5055 5428 6334 6369 6758 6770 8147 8496 8811 9017 9234 9353 9643 10780 10813 11717 11753 13361 13751 13799 14072 14229 15025 15889 16110 17263 17691 17840 17842 18596 19169 19219 19747 19952 20707 20901 21071 21508 21594 22078 22156 22443 23133 24051 24584 24980 25336 25721 26521 27608 27802 27980 28297 28313 28451 28970 29404 29436 29484 29594 29673 31512 31719 32042 32356 32472 32536 