386 861 933 1247 1674 2460 2848 2856 2883 3218 3272 3609 3947 4110 4430 4944 5007 6105 6177 6766 6886 7942 8024 8280 8396 8707 8926 9015 9102 9237 9615 10787 11062 11625 11639 11741 12082 13201 13926 13997 14151 14192 15053 15083 15385 16676 16820 16931 17151 17327 17429 17493 19429 19564 19732 19752 20021 20150 21052 21458 21569 22548 22700 23120 23244 23438 23497 23768 25388 25442 25611 26840 27178 27999 28286 29150 29194 30359 30673 31366 32136 32294 32333 32366 