684 805 1142 1519 1856 2486 2708 3626 3728 3922 4088 4608 4703 5440 5840 6436 7615 7723 8424 8442 8456 8966 9287 10590 11106 11350 12393 13195 13771 13865 14141 14478 14878 15029 15063 15661 15682 15744 15860 16228 16727 17251 17363 17364 17622 17856 17860 17881 18725 19445 19787 19802 20107 20434 20711 21249 21691 21758 21920 22256 22269 22445 22712 23160 23801 23872 24657 24672 25078 25918 26079 26887 26901 27193 27754 27928 28326 29253 29615 29623 29654 30236 30636 30945 31069 31414 31491 31532 32193 32379 32600 