102 1154 1357 1751 2122 2408 2506 2750 3049 3282 3878 4496 5310 5331 5925 5936 7459 7526 7544 7629 7725 8450 8588 8656 8660 8880 9169 9273 9295 9484 9983 10314 10366 10381 10438 11095 11913 12160 12796 12993 13038 13138 13150 13277 14021 15123 15252 15588 15619 15721 15784 15902 16053 16629 16715 17273 17557 17918 18217 18285 19300 19363 19467 19589 19628 19867 20219 20326 20495 20591 20792 21264 22149 22479 23710 24542 25106 25555 25900 26454 28032 28298 28511 28540 28620 29132 29714 30331 31121 31618 31940 32379 32389 32589 