4443 6708 8050 10056 16522 23059 30117 30251 32216 